   Compiling zellij v0.44.3 (C:\Users\DAVEOWEN\src\zellij)
warning: static `ASYNC_RUNTIME` is never used
  --> zellij-client\src\lib.rs:46:8
   |
46 | static ASYNC_RUNTIME: OnceLock<tokio::runtime::Runtime> = OnceLock::new();
   |        ^^^^^^^^^^^^^
   |
   = note: `#[warn(dead_code)]` (part of `#[warn(unused)]`) on by default

warning: function `async_runtime` is never used
  --> zellij-client\src\lib.rs:73:15
   |
73 | pub(crate) fn async_runtime(maybe_number_of_workers: Option<usize>) -> tokio::runtime::Handle {
   |               ^^^^^^^^^^^^^

warning: `zellij-client` (lib) generated 2 warnings
warning: unused variable: `token`
   --> src\commands.rs:762:13
    |
762 |             token,
    |             ^^^^^ help: try ignoring the field: `token: _`
    |
    = note: `#[warn(unused_variables)]` (part of `#[warn(unused)]`) on by default

warning: unused variable: `remember`
   --> src\commands.rs:763:13
    |
763 |             remember,
    |             ^^^^^^^^ help: try ignoring the field: `remember: _`

warning: unused variable: `forget`
   --> src\commands.rs:764:13
    |
764 |             forget,
    |             ^^^^^^ help: try ignoring the field: `forget: _`

warning: unused variable: `ca_cert`
   --> src\commands.rs:765:13
    |
765 |             ca_cert,
    |             ^^^^^^^ help: try ignoring the field: `ca_cert: _`

warning: unused variable: `insecure`
   --> src\commands.rs:766:13
    |
766 |             insecure,
    |             ^^^^^^^^ help: try ignoring the field: `insecure: _`

warning: unused variable: `remote_session_url`
   --> src\commands.rs:769:25
    |
769 |             if let Some(remote_session_url) = session_name.as_ref().and_then(|s| {
    |                         ^^^^^^^^^^^^^^^^^^ help: if this is intentional, prefix it with an underscore: `_remote_session_url`

warning: constant `DEFAULT_WEB_SERVER_STATUS_TIMEOUT_SECS` is never used
   --> src\commands.rs:341:11
    |
341 | pub const DEFAULT_WEB_SERVER_STATUS_TIMEOUT_SECS: u64 = 30;
    |           ^^^^^^^^^^^^^^^^^^^^^^^^^^^^^^^^^^^^^^
    |
    = note: `#[warn(dead_code)]` (part of `#[warn(unused)]`) on by default

warning: `zellij` (bin "zellij") generated 7 warnings (run `cargo fix --bin "zellij" -p zellij` to apply 6 suggestions)
    Finished `dev` profile [unoptimized + debuginfo] target(s) in 11.22s
